// Vitest Snapshot v1, https://vitest.dev/guide/snapshot.html

exports[`Sitemap 1`] = `
<div
  className="chakra-stack css-a2ss5w"
>
  <a
    className="chakra-link css-0"
    href="/aboutus"
  >
    About Vikract
  </a>
  <a
    className="chakra-link css-0"
    href="/roadmap"
  >
    About our Roadmap
  </a>
  <a
    className="chakra-link css-0"
    href="/documentationfordevs"
  >
    Documentation for developers
  </a>
  <a
    className="chakra-link css-0"
    href="/contactus"
  >
    Contact us
  </a>
</div>
`;
