// Vitest Snapshot v1, https://vitest.dev/guide/snapshot.html

exports[`Sitemap 1`] = `
<div
  className="chakra-stack css-111p793"
>
  <a
    className="chakra-link css-0"
    href="https://vikract.com/aboutus"
  >
    About Vikract
  </a>
  <a
    className="chakra-link css-0"
    href="https://vikract.com/roadmap"
  >
    About our Roadmap
  </a>
  <a
    className="chakra-link css-0"
    href="https://vikract.com/documentationfordevs"
  >
    Documentation for developers
  </a>
  <a
    className="chakra-link css-0"
    href="https://vikract.com/contactus"
  >
    Contact us
  </a>
</div>
`;
