// Vitest Snapshot v1, https://vitest.dev/guide/snapshot.html

exports[`TermsAndConditions 1`] = `
<div
  className="chakra-stack css-14dnb91"
>
  <div
    className="css-g5hezf"
  >
    <a
      className="chakra-link css-9n3bbc"
      href="https://vikract.com/termsandconditions"
    >
      Terms
    </a>
    <a
      className="chakra-link css-9n3bbc"
      href="https://vikract.com/termsandconditions"
    >
      Conditions
    </a>
    <a
      className="chakra-link css-9n3bbc"
      href="https://vikract.com/cookies"
    >
      Cookies
    </a>
  </div>
</div>
`;
